// Jest Snapshot v1, https://goo.gl/fbAQLP

exports[`<Sidebar/> renders correctly if prop expanded set false 1`] = `
<aside
  className="SidebarStyled-cNuLyA dmLRca"
>
  <div
    className="SidebarBoxStyled-cPLKHs jnvUud"
  />
</aside>
`;

exports[`<Sidebar/> renders correctly if prop expanded set true 1`] = `
<aside
  className="SidebarStyled-cNuLyA hGRCgd"
>
  <div
    className="SidebarBoxStyled-cPLKHs cxkcZm"
  />
</aside>
`;

exports[`<Sidebar/> renders correctly if prop haveToggleButton set false 1`] = `
<aside
  className="SidebarStyled-cNuLyA hGRCgd"
>
  <div
    className="SidebarBoxStyled-cPLKHs cxkcZm"
  />
</aside>
`;

exports[`<Sidebar/> renders correctly if prop haveToggleButton set true 1`] = `
<aside
  className="SidebarStyled-cNuLyA rhHDn"
>
  <div
    className="SidebarBoxStyled-cPLKHs gxWuIC"
  >
    <button
      className="SidebarToggleStyled-iZPRsl hVORhQ"
      onClick={[Function]}
    >
      <div
        className="ToggleIconStyled-fcajSq feKcwU"
      >
        <div
          className="IconSvgStyled-kZHpyB NsISC"
          color=""
          rotate={0}
          size="normal"
        >
          <svg
            viewBox="0 0 24 24"
          >
            <polygon
              points="13.8,18.2 7.6,12 13.8,5.8 15.2,7.2 10.4,12 15.2,16.8"
            />
          </svg>
        </div>
      </div>
      <div
        className="ToggleContentStyled-hUPJhx coxtcr"
      >
        <div
          className="ToggleTextStyled-iaoXGE ktjbMy"
        >
          Collapse
        </div>
      </div>
    </button>
  </div>
</aside>
`;

exports[`<Sidebar/> renders correctly if prop haveToggleButton set true and toggleButtonText set 1`] = `
<aside
  className="SidebarStyled-cNuLyA rhHDn"
>
  <div
    className="SidebarBoxStyled-cPLKHs gxWuIC"
  >
    <button
      className="SidebarToggleStyled-iZPRsl hVORhQ"
      onClick={[Function]}
    >
      <div
        className="ToggleIconStyled-fcajSq feKcwU"
      >
        <div
          className="IconSvgStyled-kZHpyB NsISC"
          color=""
          rotate={0}
          size="normal"
        >
          <svg
            viewBox="0 0 24 24"
          >
            <polygon
              points="13.8,18.2 7.6,12 13.8,5.8 15.2,7.2 10.4,12 15.2,16.8"
            />
          </svg>
        </div>
      </div>
      <div
        className="ToggleContentStyled-hUPJhx coxtcr"
      >
        <div
          className="ToggleTextStyled-iaoXGE ktjbMy"
        >
          test
        </div>
      </div>
    </button>
  </div>
</aside>
`;

exports[`<Sidebar/> renders correctly if prop right set false 1`] = `
<aside
  className="SidebarStyled-cNuLyA hGRCgd"
>
  <div
    className="SidebarBoxStyled-cPLKHs cxkcZm"
  />
</aside>
`;

exports[`<Sidebar/> renders correctly if prop right set true 1`] = `
<aside
  className="SidebarStyled-cNuLyA hGRCgd"
>
  <div
    className="SidebarBoxStyled-cPLKHs cxkcZm"
  />
</aside>
`;

exports[`<Sidebar/> renders correctly if prop spread set true 1`] = `
<aside
  className="SidebarStyled-cNuLyA hGRCgd"
>
  <div
    className="SidebarBoxStyled-cPLKHs cxkcZm"
  />
</aside>
`;

exports[`<Sidebar/> renders correctly with default props 1`] = `
<aside
  className="SidebarStyled-cNuLyA hGRCgd"
>
  <div
    className="SidebarBoxStyled-cPLKHs cxkcZm"
  />
</aside>
`;

exports[`<SidebarRegion/> renders correctly if prop bordered 1`] = `
<div
  className="SidebarRegionStyled-cRwIVy jCwGgr"
/>
`;

exports[`<SidebarRegion/> renders correctly if prop scrollable 1`] = `
<div
  className="SidebarRegionStyled-cRwIVy dqAWnm"
/>
`;

exports[`<SidebarRegion/> renders correctly if prop scrollableMinHeight set 0 1`] = `
<div
  className="SidebarRegionStyled-cRwIVy fyvkV"
/>
`;

exports[`<SidebarRegion/> renders correctly if prop spread 1`] = `
<div
  className="SidebarRegionStyled-cRwIVy laneCa"
/>
`;

exports[`<SidebarRegion/> renders correctly with default props 1`] = `
<div
  className="SidebarRegionStyled-cRwIVy fyvkV"
/>
`;

exports[`<SidebarToggle/> renders correctly if prop toggleButtonText set 1`] = `
<button
  className="SidebarToggleStyled-iZPRsl hVORhQ"
  onClick={[Function]}
>
  <div
    className="ToggleIconStyled-fcajSq iuooUO"
  >
    <div
      className="IconSvgStyled-kZHpyB NsISC"
      color=""
      rotate={0}
      size="normal"
    >
      <svg
        viewBox="0 0 24 24"
      >
        <polygon
          points="13.8,18.2 7.6,12 13.8,5.8 15.2,7.2 10.4,12 15.2,16.8"
        />
      </svg>
    </div>
  </div>
  <div
    className="ToggleContentStyled-hUPJhx coxtcr"
  >
    <div
      className="ToggleTextStyled-iaoXGE dCzhpM"
    >
      test
    </div>
  </div>
</button>
`;

exports[`<SidebarToggle/> renders correctly with default props 1`] = `
<button
  className="SidebarToggleStyled-iZPRsl hVORhQ"
  onClick={[Function]}
>
  <div
    className="ToggleIconStyled-fcajSq iuooUO"
  >
    <div
      className="IconSvgStyled-kZHpyB NsISC"
      color=""
      rotate={0}
      size="normal"
    >
      <svg
        viewBox="0 0 24 24"
      >
        <polygon
          points="13.8,18.2 7.6,12 13.8,5.8 15.2,7.2 10.4,12 15.2,16.8"
        />
      </svg>
    </div>
  </div>
  <div
    className="ToggleContentStyled-hUPJhx coxtcr"
  >
    <div
      className="ToggleTextStyled-iaoXGE dCzhpM"
    >
      Collapse
    </div>
  </div>
</button>
`;
